squash4: gzio fshelp
search_fs_uuid:
lssal:
date: datetime normal
uhci: pci usb
multiboot2: boot video acpi relocator mmap
gcry_twofish: crypto
gcry_rijndael: crypto
echo: extcmd
cpio:
xzio: gcry_crc
part_sun:
gcry_sha512: crypto
gcry_cast5: crypto
efi_gop: video video_fb
boot:
ls: extcmd normal
gzio:
video:
test_blockarg: extcmd normal
linuxefi: boot
gfxterm: video extcmd bitmap_scale bitmap font
gcry_tiger: crypto
gcry_serpent: crypto
aout:
gcry_blowfish: crypto
appleldr: boot
trig:
extcmd:
at_keyboard: boot keylayouts
videoinfo: video
minix:
keylayouts:
xnu_uuid: gcry_md5
usbtest: usb
usbms: usb scsi
reboot:
help: extcmd normal
part_msdos:
blocklist:
probe: extcmd
pbkdf2: crypto
lsefisystab:
gcry_rfc2268: crypto
gcry_camellia: crypto
fat:
pci:
parttool: normal
lzopio: crypto
linux: boot video relocator mmap
gcry_md4: crypto
zfsinfo: zfs
usb_keyboard: keylayouts usb
gcry_md5: crypto
fshelp:
datetime:
bitmap_scale: bitmap
ata: pci scsi
usbserial_common: usb serial
gcry_des: crypto
reiserfs: fshelp
dm_nv: raid
datehook: datetime normal
afs_be: fshelp
kernel:
video_cirrus: video pci video_fb
gcry_seed: crypto
crypto:
test:
terminal:
lsacpi: extcmd acpi
jpeg: bufio bitmap
bsd: boot video aout extcmd cpuid elf relocator serial mmap
memdisk:
gfxmenu: video gfxterm trig bitmap_scale bitmap normal font
cmp:
acpi: extcmd mmap
xfs: fshelp
elf:
cpuid: extcmd
affs: fshelp
usb: pci
videotest: video gfxmenu font
testload:
relocator: mmap
play:
adler32: crypto
password: crypto normal
part_sunpc:
video_fb: video
sleep: extcmd normal
serial: extcmd terminfo
search_fs_file:
gcry_sha256: crypto
gcry_rmd160: crypto
search: search_fs_uuid extcmd search_fs_file search_label
mdraid09: raid
chain: boot
memrw: extcmd
cs5536: pci
ata_pthru: ata
password_pbkdf2: gcry_sha512 pbkdf2 crypto normal
mdraid1x: raid
gcry_crc: crypto
configfile: normal
befs: fshelp
raid5rec: raid
gcry_arcfour: crypto
gettext:
hello: extcmd
usbserial_pl2303: usbserial_common usb serial
hashsum: extcmd crypto normal
regexp: extcmd normal
part_gpt:
ohci: boot pci usb cs5536
gptsync:
zfs: gzio
part_apple:
hdparm: extcmd
bufio:
btrfs: gzio lzopio
bitmap:
true:
terminfo: extcmd
ntfscomp: ntfs
hfs:
ufs1:
setjmp:
ufs2:
nilfs2: fshelp
lsmmap: mmap
gcry_sha1: crypto
mmap:
befs_be: fshelp
tar:
png: bufio bitmap
lspci: extcmd pci
hfsplus: fshelp
tga: bufio bitmap
minix2:
setpci: extcmd pci
scsi:
raid:
lvm:
functional_test: extcmd
iso9660: fshelp
udf: fshelp
search_label:
raid6rec: raid
msdospart: parttool
halt: acpi
xnu: boot video extcmd bitmap_scale relocator bitmap
read:
multiboot: boot video relocator mmap
keystatus: extcmd
normal: boot gfxterm extcmd crypto terminal
lsefimmap:
loadbios: pci
video_bochs: video pci video_fb
sfs: fshelp
part_amiga:
loopback: extcmd
jfs:
efifwsetup:
part_acorn:
iorw: extcmd
cat: extcmd
afs: fshelp
hexdump: extcmd
usbserial_ftdi: usbserial_common usb serial
minicmd:
loadenv: extcmd
gcry_whirlpool: crypto
fixvideo: pci
part_bsd: part_msdos
font: video bufio
ext2: fshelp
example_functional_test: functional_test
ntfs: fshelp
efi_uga: video pci video_fb
